// Jest Snapshot v1, https://goo.gl/fbAQLP

exports[`<Button /> should render the <Button /> 1`] = `
.c0 {
  border: 0;
  border-radius: 8px;
  background-color: #002FD6;
  color: #FFFFFF;
  font-family: 'Inter',-apple-system,sans-serif;
  font-size: 16px;
  font-weight: 600;
  line-height: 19px;
  padding: 16px 99px;
  max-width: 263px;
  cursor: pointer;
  display: -webkit-box;
  display: -webkit-flex;
  display: -ms-flexbox;
  display: flex;
  -webkit-align-items: center;
  -webkit-box-align: center;
  -ms-flex-align: center;
  align-items: center;
}

.c1 {
  margin-left: 4px;
  width: 7px;
  height: 12px;
}

.c1 path {
  fill: #FFFFFF;
}

<div>
  <button
    class="c0"
  >
    <span>
       my button
    </span>
    <svg
      class="c1"
      viewBox="0 0 7 12"
      xmlns="http://www.w3.org/2000/svg"
    >
      <path
        d="M6.821 6.454a.665.665 0 0 0 0-.908L1.687.186c-.264-.248-.661-.248-.9 0L.18.818c-.239.247-.239.66 0 .935l4.075 4.233L.18 10.247c-.239.275-.239.688 0 .935l.608.632c.239.248.636.248.9 0l5.134-5.36z"
      />
    </svg>
  </button>
</div>
`;
