// Jest Snapshot v1, https://goo.gl/fbAQLP

exports[`<IconButton /> should render the <IconButton /> 1`] = `
.c0 {
  border-radius: 100px;
  background-color: #002FD6;
  color: #FFFFFF;
  width: 24px;
  height: 24px;
  cursor: pointer;
  display: -webkit-box;
  display: -webkit-flex;
  display: -ms-flexbox;
  display: flex;
  -webkit-align-items: center;
  -webkit-box-align: center;
  -ms-flex-align: center;
  align-items: center;
  -webkit-box-pack: center;
  -webkit-justify-content: center;
  -ms-flex-pack: center;
  justify-content: center;
}

.c1 {
  width: 7px;
  height: 12px;
  -webkit-transform: rotate(90deg);
  -ms-transform: rotate(90deg);
  transform: rotate(90deg);
}

.c1 path {
  fill: #FFFFFF;
}

<div>
  <div
    class="c0"
  >
    <svg
      class="c1"
      preserveAspectRatio="xMidYMid meet"
      viewBox="0 0 7 12"
      xmlns="http://www.w3.org/2000/svg"
    >
      <path
        d="M6.821 6.454a.665.665 0 000-.908L1.687.186c-.264-.248-.661-.248-.9 0L.18.818c-.239.247-.239.66 0 .935l4.075 4.233L.18 10.247c-.239.275-.239.688 0 .935l.608.632c.239.248.636.248.9 0l5.134-5.36z"
      />
    </svg>
  </div>
</div>
`;
