// Jest Snapshot v1, https://goo.gl/fbAQLP

exports[`<GridRow /> should render the content 1`] = `
.c5 {
  display: none;
}

.c10 {
  display: none;
}

.c6 {
  display: grid;
  grid-template-columns: 1fr;
}

.c9 .card-container:not(:last-child) {
  margin-bottom: 16px;
}

.c8 {
  font-size: 16px;
  font-weight: 500;
  color: #707183;
  line-height: 19px;
  padding-bottom: 24px;
  text-align: left;
}

.c7 {
  padding: 0 16px;
}

.c11 {
  display: -webkit-box;
  display: -webkit-flex;
  display: -ms-flexbox;
  display: flex;
  margin-top: 32px;
  overflow-x: scroll;
}

.c3 {
  border-radius: 100px;
  background-color: #F47500;
  color: #FFFFFF;
  font-weight: 600;
  font-size: 14px;
  padding: 4px 8px;
  width: -webkit-max-content;
  width: -moz-max-content;
  width: max-content;
  height: 25px;
  line-height: 17px;
}

.c1 {
  display: -webkit-box;
  display: -webkit-flex;
  display: -ms-flexbox;
  display: flex;
}

.c2 {
  color: #000121;
  font-family: 'Inter',-apple-system,sans-serif;
  font-size: 22px;
  font-weight: 600;
  margin-right: 8px;
  line-height: 27px;
}

.c4 {
  padding: 12px 12px 12px 32px;
  background-color: #F4F4F7;
  background-image: url('img/icon-search.svg');
  background-repeat: no-repeat;
  background-position: 12px 14px;
  border-radius: 12px;
  border: 0;
  font-size: 16px;
  font-family: 'Inter',-apple-system,sans-serif;
  color: #A1A2AF;
  line-height: 19px;
  width: 100%;
}

.c4::-webkit-input-placeholder {
  color: #A1A2AF;
}

.c4::-moz-placeholder {
  color: #A1A2AF;
}

.c4:-ms-input-placeholder {
  color: #A1A2AF;
}

.c4::placeholder {
  color: #A1A2AF;
}

.c0 {
  margin-bottom: 32px;
}

.c0 > input {
  margin-top: 32px;
}

@media (min-width:992px) {
  .c5 {
    display: block;
  }
}

@media (max-width:992px) {
  .c10 {
    display: block;
  }
}

@media (min-width:992px) {
  .c6 {
    display: grid;
    grid-template-columns: 70px 1fr 1fr 1.8fr 0.8fr 1.5fr 65px;
    grid-gap: 10px;
  }
}

@media (min-width:992px) {
  .c7 {
    margin-top: 56px;
  }
}

@media (min-width:992px) {
  .c11 {
    overflow: hidden;
  }
}

@media (min-width:992px) {
  .c4 {
    width: 310px;
  }
}

@media (min-width:992px) {
  .c0 {
    display: -webkit-box;
    display: -webkit-flex;
    display: -ms-flexbox;
    display: flex;
    -webkit-box-pack: justify;
    -webkit-justify-content: space-between;
    -ms-flex-pack: justify;
    justify-content: space-between;
    -webkit-align-items: center;
    -webkit-box-align: center;
    -ms-flex-align: center;
    align-items: center;
    margin-bottom: 0;
  }

  .c0 > input {
    margin-top: 0;
  }
}

<div>
  <header
    class="c0"
  >
    <div
      class="c1"
    >
      <h1
        class="c2"
      >
        Your Animals
      </h1>
      <span
        class="c3"
      />
    </div>
    <input
      class="c4"
      id="inputFilter"
      placeholder="Search an animal by name"
      type="text"
      value=""
    />
  </header>
  <div
    class="c5"
  >
    <div
      class="c6 c7"
      data-testid="header-desktop"
    >
      <div
        class=""
      />
      <h2
        class="c8"
      >
         Name 
      </h2>
      <h2
        class="c8"
      >
        Type
      </h2>
      <h2
        class="c8"
      >
         Breed 
      </h2>
      <h2
        class="c8"
      >
         Gender 
      </h2>
      <h2
        class="c8"
      >
         Color 
      </h2>
      <div
        class=""
      />
    </div>
  </div>
  <div
    class="c9 petsList"
  >
    <div
      class="c5"
    />
    <div
      class="c10"
    />
  </div>
  <div
    class="c11"
    data-testid="pagination"
  />
</div>
`
